// Jest Snapshot v1, https://goo.gl/fbAQLP

exports[`App Initialize  1`] = `
<div>
  <div
    className="App"
    title="App"
  >
    <div>
      <div
        className="container-fluid"
      >
        <div
          className="row"
        >
          <div
            className="col-sm-7"
          >
            <div
              className="heading_div"
            >
              <img
                alt="logo"
                src=""
              />
              <div
                className="timer"
              >
                01:19
              </div>
            </div>
            <form
              autoComplete="off"
              className=""
              onSubmit={[Function]}
            >
              <div
                className="mb-3"
              >
                <div
                  className="form-header"
                >
                  <div>
                    <div
                      className="form_desription form-label"
                    >
                      <div
                        className="form-title"
                      >
                        Card Number
                      </div>
                    </div>
                    <small
                      className="text-muted title_label_text form-text"
                    >
                      Enter the 16-digit card number on the card.
                    </small>
                  </div>
                  <div
                    className="form_edit_button"
                    onClick={[Function]}
                    role="button"
                  >
                    <span>
                      <svg
                        fill="currentColor"
                        height="1em"
                        stroke="currentColor"
                        strokeWidth="0"
                        style={
                          Object {
                            "color": undefined,
                          }
                        }
                        viewBox="0 0 24 24"
                        width="1em"
                        xmlns="http://www.w3.org/2000/svg"
                      >
                        <path
                          d="M0 0h24v24H0z"
                          fill="none"
                        />
                        <path
                          d="M3 17.25V21h3.75L17.81 9.94l-3.75-3.75L3 17.25zM20.71 7.04a.996.996 0 000-1.41l-2.34-2.34a.996.996 0 00-1.41 0l-1.83 1.83 3.75 3.75 1.83-1.83z"
                        />
                      </svg>
                    </span>
                     Edit
                  </div>
                </div>
                <div
                  className="input-group"
                >
                  <span
                    className="input-group-text"
                    id="cardNum"
                  >
                    <img
                      alt="iconsuffix"
                      src="https://www.freepnglogos.com/uploads/mastercard-png/mastercard-logo-mastercard-logo-png-vector-download-19.png"
                      width="30px"
                    />
                  </span>
                  <input
                    autoComplete="off"
                    autoCorrect="off"
                    autoFocus={false}
                    className="form-control"
                    disabled={true}
                    maxLength={25}
                    onChange={[Function]}
                    placeholder=" 2412 - 7512 - 3412 - 3456"
                    type="tel"
                  />
                  <span
                    className="input-group-text"
                    id="cardNum"
                  >
                    <img
                      alt="iconsuffix"
                      src="https://solamaragency.com/wp-content/uploads/2017/09/twitter-verification.png"
                      width="30px"
                    />
                  </span>
                </div>
              </div>
              <div
                className="mb-3"
              >
                <div
                  className="row"
                >
                  <div
                    className="col"
                  >
                    <div>
                      <div
                        className="form_desription form-label"
                      >
                        <div
                          className="form-title"
                        >
                          CVV Number
                        </div>
                      </div>
                      <small
                        className="text-muted title_label_text form-text"
                      >
                        Enter the 3 0r 4 digit number on the card.
                      </small>
                    </div>
                  </div>
                  <div
                    className="col"
                  >
                    <div
                      className="card_cvv input-group"
                    >
                      <input
                        aria-describedby="cvv"
                        autoComplete="off"
                        autoCorrect="off"
                        autoFocus={false}
                        className="card_cvv form-control"
                        disabled={true}
                        id="cvv"
                        maxLength={3}
                        onChange={[Function]}
                        placeholder=" 327 "
                        type="tel"
                      />
                      <span
                        className="input-group-text"
                        id="cvv"
                      >
                        <svg
                          color="#c2c0c0"
                          fill="none"
                          height="30px"
                          stroke="currentColor"
                          strokeWidth="0"
                          style={
                            Object {
                              "color": "#c2c0c0",
                            }
                          }
                          viewBox="0 0 24 24"
                          width="30px"
                          xmlns="http://www.w3.org/2000/svg"
                        >
                          <path
                            d="M4 4H8V8H4V4Z"
                            fill="currentColor"
                          />
                          <path
                            d="M4 10H8V14H4V10Z"
                            fill="currentColor"
                          />
                          <path
                            d="M8 16H4V20H8V16Z"
                            fill="currentColor"
                          />
                          <path
                            d="M10 4H14V8H10V4Z"
                            fill="currentColor"
                          />
                          <path
                            d="M14 10H10V14H14V10Z"
                            fill="currentColor"
                          />
                          <path
                            d="M10 16H14V20H10V16Z"
                            fill="currentColor"
                          />
                          <path
                            d="M20 4H16V8H20V4Z"
                            fill="currentColor"
                          />
                          <path
                            d="M16 10H20V14H16V10Z"
                            fill="currentColor"
                          />
                          <path
                            d="M20 16H16V20H20V16Z"
                            fill="currentColor"
                          />
                        </svg>
                      </span>
                    </div>
                  </div>
                </div>
              </div>
              <div
                className="mb-3"
              >
                <div
                  className="row"
                >
                  <div
                    className="col"
                  >
                    <div>
                      <div
                        className="form_desription form-label"
                      >
                        <div
                          className="form-title"
                        >
                          Expiry Date
                        </div>
                      </div>
                      <small
                        className="text-muted title_label_text form-text"
                      >
                        Enter the expiration date of the card
                      </small>
                    </div>
                  </div>
                  <div
                    className="expire_date_input_col col"
                  >
                    <div
                      className="input input-group"
                    >
                      <input
                        aria-describedby="expireDay"
                        autoComplete="off"
                        autoCorrect="off"
                        autoFocus={false}
                        className="input form-control"
                        disabled={true}
                        id="expireDay"
                        maxLength={2}
                        onChange={[Function]}
                        placeholder=" 09 "
                        type="tel"
                      />
                    </div>
                    /
                    <div
                      className="input input-group"
                    >
                      <input
                        aria-describedby="expireYear"
                        autoComplete="off"
                        autoCorrect="off"
                        autoFocus={false}
                        className="input form-control"
                        disabled={true}
                        id="expireYear"
                        maxLength={2}
                        onChange={[Function]}
                        placeholder=" 22 "
                        type="tel"
                      />
                    </div>
                  </div>
                </div>
              </div>
              <div
                className="mb-3"
              >
                <div
                  className="row"
                >
                  <div
                    className="col"
                  >
                    <div>
                      <div
                        className="form_desription form-label"
                      >
                        <div
                          className="form-title"
                        >
                          Password
                        </div>
                      </div>
                      <small
                        className="text-muted title_label_text form-text"
                      >
                        Enter your Dynamic password
                      </small>
                    </div>
                  </div>
                  <div
                    className="col"
                  >
                    <div
                      className="input-group"
                    >
                      <input
                        aria-describedby="password"
                        autoComplete="off"
                        autoCorrect="off"
                        autoFocus={false}
                        className="form-control"
                        disabled={true}
                        id="password"
                        onChange={[Function]}
                        placeholder=" Enter Password"
                        type="password"
                      />
                      <span
                        className="input-group-text"
                        id="password"
                      >
                        <svg
                          color="#c2c0c0"
                          fill="none"
                          height="30px"
                          stroke="currentColor"
                          strokeWidth="0"
                          style={
                            Object {
                              "color": "#c2c0c0",
                            }
                          }
                          viewBox="0 0 24 24"
                          width="30px"
                          xmlns="http://www.w3.org/2000/svg"
                        >
                          <path
                            d="M4 4H8V8H4V4Z"
                            fill="currentColor"
                          />
                          <path
                            d="M4 10H8V14H4V10Z"
                            fill="currentColor"
                          />
                          <path
                            d="M8 16H4V20H8V16Z"
                            fill="currentColor"
                          />
                          <path
                            d="M10 4H14V8H10V4Z"
                            fill="currentColor"
                          />
                          <path
                            d="M14 10H10V14H14V10Z"
                            fill="currentColor"
                          />
                          <path
                            d="M10 16H14V20H10V16Z"
                            fill="currentColor"
                          />
                          <path
                            d="M20 4H16V8H20V4Z"
                            fill="currentColor"
                          />
                          <path
                            d="M16 10H20V14H16V10Z"
                            fill="currentColor"
                          />
                          <path
                            d="M20 16H16V20H20V16Z"
                            fill="currentColor"
                          />
                        </svg>
                      </span>
                    </div>
                  </div>
                </div>
              </div>
              <div
                className="d-grid gap-2 btn-group btn-group-lg"
                role="group"
              >
                <button
                  className="btn btn-primary btn-lg"
                  defaultValue="Pay Now"
                  disabled={false}
                  onClick={[Function]}
                  type="submit"
                >
                  Pay Now
                </button>
              </div>
            </form>
          </div>
          <div
            className="col-sm-5"
          >
            <div
              className="master_card"
            >
              <div
                className="card_header"
              >
                <div
                  className="card_chip"
                >
                  <img
                    alt="chip_img"
                    height="auto"
                    src="transparent-credit-card-chip.webp"
                    width="50px"
                  />
                </div>
                <div
                  className="card_signal"
                >
                  <img
                    alt="signal_img"
                    height="auto"
                    src="signal.avif"
                    width="50px"
                  />
                </div>
              </div>
              <div
                className="card_name"
              >
                Johathan Michael
              </div>
              <div
                className="card_number"
              >
                ⚫️⚫️⚫️⚫️ 3456
              </div>
              <div
                className="card_footer"
              >
                <div
                  className="card_expire"
                >
                  09/22
                </div>
                <div
                  className="card_logo"
                />
              </div>
            </div>
          </div>
        </div>
      </div>
    </div>
  </div>
</div>
`;

exports[`App Initialize the app snap  1`] = `
<div>
  <div
    className="App"
    title="App"
  >
    <div>
      <div
        className="container-fluid"
      >
        <div
          className="row"
        >
          <div
            className="col-sm-7"
          >
            <div
              className="heading_div"
            >
              <img
                alt="logo"
                src=""
              />
              <div
                className="timer"
              >
                01:19
              </div>
            </div>
            <form
              autoComplete="off"
              className=""
              onSubmit={[Function]}
            >
              <div
                className="mb-3"
              >
                <div
                  className="form-header"
                >
                  <div>
                    <div
                      className="form_desription form-label"
                    >
                      <div
                        className="form-title"
                      >
                        Card Number
                      </div>
                    </div>
                    <small
                      className="text-muted title_label_text form-text"
                    >
                      Enter the 16-digit card number on the card.
                    </small>
                  </div>
                  <div
                    className="form_edit_button"
                    onClick={[Function]}
                    role="button"
                  >
                    <span>
                      <svg
                        fill="currentColor"
                        height="1em"
                        stroke="currentColor"
                        strokeWidth="0"
                        style={
                          Object {
                            "color": undefined,
                          }
                        }
                        viewBox="0 0 24 24"
                        width="1em"
                        xmlns="http://www.w3.org/2000/svg"
                      >
                        <path
                          d="M0 0h24v24H0z"
                          fill="none"
                        />
                        <path
                          d="M3 17.25V21h3.75L17.81 9.94l-3.75-3.75L3 17.25zM20.71 7.04a.996.996 0 000-1.41l-2.34-2.34a.996.996 0 00-1.41 0l-1.83 1.83 3.75 3.75 1.83-1.83z"
                        />
                      </svg>
                    </span>
                     Edit
                  </div>
                </div>
                <div
                  className="input-group"
                >
                  <span
                    className="input-group-text"
                    id="cardNum"
                  >
                    <img
                      alt="iconsuffix"
                      src="https://www.freepnglogos.com/uploads/mastercard-png/mastercard-logo-mastercard-logo-png-vector-download-19.png"
                      width="30px"
                    />
                  </span>
                  <input
                    autoComplete="off"
                    autoCorrect="off"
                    autoFocus={false}
                    className="form-control"
                    disabled={true}
                    maxLength={25}
                    onChange={[Function]}
                    placeholder=" 2412 - 7512 - 3412 - 3456"
                    type="tel"
                  />
                  <span
                    className="input-group-text"
                    id="cardNum"
                  >
                    <img
                      alt="iconsuffix"
                      src="https://solamaragency.com/wp-content/uploads/2017/09/twitter-verification.png"
                      width="30px"
                    />
                  </span>
                </div>
              </div>
              <div
                className="mb-3"
              >
                <div
                  className="row"
                >
                  <div
                    className="col"
                  >
                    <div>
                      <div
                        className="form_desription form-label"
                      >
                        <div
                          className="form-title"
                        >
                          CVV Number
                        </div>
                      </div>
                      <small
                        className="text-muted title_label_text form-text"
                      >
                        Enter the 3 0r 4 digit number on the card.
                      </small>
                    </div>
                  </div>
                  <div
                    className="col"
                  >
                    <div
                      className="card_cvv input-group"
                    >
                      <input
                        aria-describedby="cvv"
                        autoComplete="off"
                        autoCorrect="off"
                        autoFocus={false}
                        className="card_cvv form-control"
                        disabled={true}
                        id="cvv"
                        maxLength={3}
                        onChange={[Function]}
                        placeholder=" 327 "
                        type="tel"
                      />
                      <span
                        className="input-group-text"
                        id="cvv"
                      >
                        <svg
                          color="#c2c0c0"
                          fill="none"
                          height="30px"
                          stroke="currentColor"
                          strokeWidth="0"
                          style={
                            Object {
                              "color": "#c2c0c0",
                            }
                          }
                          viewBox="0 0 24 24"
                          width="30px"
                          xmlns="http://www.w3.org/2000/svg"
                        >
                          <path
                            d="M4 4H8V8H4V4Z"
                            fill="currentColor"
                          />
                          <path
                            d="M4 10H8V14H4V10Z"
                            fill="currentColor"
                          />
                          <path
                            d="M8 16H4V20H8V16Z"
                            fill="currentColor"
                          />
                          <path
                            d="M10 4H14V8H10V4Z"
                            fill="currentColor"
                          />
                          <path
                            d="M14 10H10V14H14V10Z"
                            fill="currentColor"
                          />
                          <path
                            d="M10 16H14V20H10V16Z"
                            fill="currentColor"
                          />
                          <path
                            d="M20 4H16V8H20V4Z"
                            fill="currentColor"
                          />
                          <path
                            d="M16 10H20V14H16V10Z"
                            fill="currentColor"
                          />
                          <path
                            d="M20 16H16V20H20V16Z"
                            fill="currentColor"
                          />
                        </svg>
                      </span>
                    </div>
                  </div>
                </div>
              </div>
              <div
                className="mb-3"
              >
                <div
                  className="row"
                >
                  <div
                    className="col"
                  >
                    <div>
                      <div
                        className="form_desription form-label"
                      >
                        <div
                          className="form-title"
                        >
                          Expiry Date
                        </div>
                      </div>
                      <small
                        className="text-muted title_label_text form-text"
                      >
                        Enter the expiration date of the card
                      </small>
                    </div>
                  </div>
                  <div
                    className="expire_date_input_col col"
                  >
                    <div
                      className="input input-group"
                    >
                      <input
                        aria-describedby="expireDay"
                        autoComplete="off"
                        autoCorrect="off"
                        autoFocus={false}
                        className="input form-control"
                        disabled={true}
                        id="expireDay"
                        maxLength={2}
                        onChange={[Function]}
                        placeholder=" 09 "
                        type="tel"
                      />
                    </div>
                    /
                    <div
                      className="input input-group"
                    >
                      <input
                        aria-describedby="expireYear"
                        autoComplete="off"
                        autoCorrect="off"
                        autoFocus={false}
                        className="input form-control"
                        disabled={true}
                        id="expireYear"
                        maxLength={2}
                        onChange={[Function]}
                        placeholder=" 22 "
                        type="tel"
                      />
                    </div>
                  </div>
                </div>
              </div>
              <div
                className="mb-3"
              >
                <div
                  className="row"
                >
                  <div
                    className="col"
                  >
                    <div>
                      <div
                        className="form_desription form-label"
                      >
                        <div
                          className="form-title"
                        >
                          Password
                        </div>
                      </div>
                      <small
                        className="text-muted title_label_text form-text"
                      >
                        Enter your Dynamic password
                      </small>
                    </div>
                  </div>
                  <div
                    className="col"
                  >
                    <div
                      className="input-group"
                    >
                      <input
                        aria-describedby="password"
                        autoComplete="off"
                        autoCorrect="off"
                        autoFocus={false}
                        className="form-control"
                        disabled={true}
                        id="password"
                        onChange={[Function]}
                        placeholder=" Enter Password"
                        type="password"
                      />
                      <span
                        className="input-group-text"
                        id="password"
                      >
                        <svg
                          color="#c2c0c0"
                          fill="none"
                          height="30px"
                          stroke="currentColor"
                          strokeWidth="0"
                          style={
                            Object {
                              "color": "#c2c0c0",
                            }
                          }
                          viewBox="0 0 24 24"
                          width="30px"
                          xmlns="http://www.w3.org/2000/svg"
                        >
                          <path
                            d="M4 4H8V8H4V4Z"
                            fill="currentColor"
                          />
                          <path
                            d="M4 10H8V14H4V10Z"
                            fill="currentColor"
                          />
                          <path
                            d="M8 16H4V20H8V16Z"
                            fill="currentColor"
                          />
                          <path
                            d="M10 4H14V8H10V4Z"
                            fill="currentColor"
                          />
                          <path
                            d="M14 10H10V14H14V10Z"
                            fill="currentColor"
                          />
                          <path
                            d="M10 16H14V20H10V16Z"
                            fill="currentColor"
                          />
                          <path
                            d="M20 4H16V8H20V4Z"
                            fill="currentColor"
                          />
                          <path
                            d="M16 10H20V14H16V10Z"
                            fill="currentColor"
                          />
                          <path
                            d="M20 16H16V20H20V16Z"
                            fill="currentColor"
                          />
                        </svg>
                      </span>
                    </div>
                  </div>
                </div>
              </div>
              <div
                className="d-grid gap-2 btn-group btn-group-lg"
                role="group"
              >
                <button
                  className="btn btn-primary btn-lg"
                  defaultValue="Pay Now"
                  disabled={false}
                  onClick={[Function]}
                  type="submit"
                >
                  Pay Now
                </button>
              </div>
            </form>
          </div>
          <div
            className="col-sm-5"
          >
            <div
              className="master_card"
            >
              <div
                className="card_header"
              >
                <div
                  className="card_chip"
                >
                  <img
                    alt="chip_img"
                    height="auto"
                    src="transparent-credit-card-chip.webp"
                    width="50px"
                  />
                </div>
                <div
                  className="card_signal"
                >
                  <img
                    alt="signal_img"
                    height="auto"
                    src="signal.avif"
                    width="50px"
                  />
                </div>
              </div>
              <div
                className="card_name"
              >
                Johathan Michael
              </div>
              <div
                className="card_number"
              >
                ⚫️⚫️⚫️⚫️ 3456
              </div>
              <div
                className="card_footer"
              >
                <div
                  className="card_expire"
                >
                  09/22
                </div>
                <div
                  className="card_logo"
                />
              </div>
            </div>
          </div>
        </div>
      </div>
    </div>
  </div>
</div>
`;

exports[`App Initialize the app snap test 1`] = `
<div>
  <div
    className="App"
    title="App"
  >
    <div>
      <div
        className="container-fluid"
      >
        <div
          className="row"
        >
          <div
            className="col-sm-7"
          >
            <div
              className="heading_div"
            >
              <img
                alt="logo"
                src=""
              />
              <div
                className="timer"
              >
                01:19
              </div>
            </div>
            <form
              autoComplete="off"
              className=""
              onSubmit={[Function]}
            >
              <div
                className="mb-3"
              >
                <div
                  className="form-header"
                >
                  <div>
                    <div
                      className="form_desription form-label"
                    >
                      <div
                        className="form-title"
                      >
                        Card Number
                      </div>
                    </div>
                    <small
                      className="text-muted title_label_text form-text"
                    >
                      Enter the 16-digit card number on the card.
                    </small>
                  </div>
                  <div
                    className="form_edit_button"
                    onClick={[Function]}
                    role="button"
                  >
                    <span>
                      <svg
                        fill="currentColor"
                        height="1em"
                        stroke="currentColor"
                        strokeWidth="0"
                        style={
                          Object {
                            "color": undefined,
                          }
                        }
                        viewBox="0 0 24 24"
                        width="1em"
                        xmlns="http://www.w3.org/2000/svg"
                      >
                        <path
                          d="M0 0h24v24H0z"
                          fill="none"
                        />
                        <path
                          d="M3 17.25V21h3.75L17.81 9.94l-3.75-3.75L3 17.25zM20.71 7.04a.996.996 0 000-1.41l-2.34-2.34a.996.996 0 00-1.41 0l-1.83 1.83 3.75 3.75 1.83-1.83z"
                        />
                      </svg>
                    </span>
                     Edit
                  </div>
                </div>
                <div
                  className="input-group"
                >
                  <span
                    className="input-group-text"
                    id="cardNum"
                  >
                    <img
                      alt="iconsuffix"
                      src="https://www.freepnglogos.com/uploads/mastercard-png/mastercard-logo-mastercard-logo-png-vector-download-19.png"
                      width="30px"
                    />
                  </span>
                  <input
                    autoComplete="off"
                    autoCorrect="off"
                    autoFocus={false}
                    className="form-control"
                    disabled={true}
                    maxLength={25}
                    onChange={[Function]}
                    placeholder=" 2412 - 7512 - 3412 - 3456"
                    type="tel"
                  />
                  <span
                    className="input-group-text"
                    id="cardNum"
                  >
                    <img
                      alt="iconsuffix"
                      src="https://solamaragency.com/wp-content/uploads/2017/09/twitter-verification.png"
                      width="30px"
                    />
                  </span>
                </div>
              </div>
              <div
                className="mb-3"
              >
                <div
                  className="row"
                >
                  <div
                    className="col"
                  >
                    <div>
                      <div
                        className="form_desription form-label"
                      >
                        <div
                          className="form-title"
                        >
                          CVV Number
                        </div>
                      </div>
                      <small
                        className="text-muted title_label_text form-text"
                      >
                        Enter the 3 0r 4 digit number on the card.
                      </small>
                    </div>
                  </div>
                  <div
                    className="col"
                  >
                    <div
                      className="card_cvv input-group"
                    >
                      <input
                        aria-describedby="cvv"
                        autoComplete="off"
                        autoCorrect="off"
                        autoFocus={false}
                        className="card_cvv form-control"
                        disabled={true}
                        id="cvv"
                        maxLength={3}
                        onChange={[Function]}
                        placeholder=" 327 "
                        type="tel"
                      />
                      <span
                        className="input-group-text"
                        id="cvv"
                      >
                        <svg
                          color="#c2c0c0"
                          fill="none"
                          height="30px"
                          stroke="currentColor"
                          strokeWidth="0"
                          style={
                            Object {
                              "color": "#c2c0c0",
                            }
                          }
                          viewBox="0 0 24 24"
                          width="30px"
                          xmlns="http://www.w3.org/2000/svg"
                        >
                          <path
                            d="M4 4H8V8H4V4Z"
                            fill="currentColor"
                          />
                          <path
                            d="M4 10H8V14H4V10Z"
                            fill="currentColor"
                          />
                          <path
                            d="M8 16H4V20H8V16Z"
                            fill="currentColor"
                          />
                          <path
                            d="M10 4H14V8H10V4Z"
                            fill="currentColor"
                          />
                          <path
                            d="M14 10H10V14H14V10Z"
                            fill="currentColor"
                          />
                          <path
                            d="M10 16H14V20H10V16Z"
                            fill="currentColor"
                          />
                          <path
                            d="M20 4H16V8H20V4Z"
                            fill="currentColor"
                          />
                          <path
                            d="M16 10H20V14H16V10Z"
                            fill="currentColor"
                          />
                          <path
                            d="M20 16H16V20H20V16Z"
                            fill="currentColor"
                          />
                        </svg>
                      </span>
                    </div>
                  </div>
                </div>
              </div>
              <div
                className="mb-3"
              >
                <div
                  className="row"
                >
                  <div
                    className="col"
                  >
                    <div>
                      <div
                        className="form_desription form-label"
                      >
                        <div
                          className="form-title"
                        >
                          Expiry Date
                        </div>
                      </div>
                      <small
                        className="text-muted title_label_text form-text"
                      >
                        Enter the expiration date of the card
                      </small>
                    </div>
                  </div>
                  <div
                    className="expire_date_input_col col"
                  >
                    <div
                      className="input input-group"
                    >
                      <input
                        aria-describedby="expireDay"
                        autoComplete="off"
                        autoCorrect="off"
                        autoFocus={false}
                        className="input form-control"
                        disabled={true}
                        id="expireDay"
                        maxLength={2}
                        onChange={[Function]}
                        placeholder=" 09 "
                        type="tel"
                      />
                    </div>
                    /
                    <div
                      className="input input-group"
                    >
                      <input
                        aria-describedby="expireYear"
                        autoComplete="off"
                        autoCorrect="off"
                        autoFocus={false}
                        className="input form-control"
                        disabled={true}
                        id="expireYear"
                        maxLength={2}
                        onChange={[Function]}
                        placeholder=" 22 "
                        type="tel"
                      />
                    </div>
                  </div>
                </div>
              </div>
              <div
                className="mb-3"
              >
                <div
                  className="row"
                >
                  <div
                    className="col"
                  >
                    <div>
                      <div
                        className="form_desription form-label"
                      >
                        <div
                          className="form-title"
                        >
                          Password
                        </div>
                      </div>
                      <small
                        className="text-muted title_label_text form-text"
                      >
                        Enter your Dynamic password
                      </small>
                    </div>
                  </div>
                  <div
                    className="col"
                  >
                    <div
                      className="input-group"
                    >
                      <input
                        aria-describedby="password"
                        autoComplete="off"
                        autoCorrect="off"
                        autoFocus={false}
                        className="form-control"
                        disabled={true}
                        id="password"
                        onChange={[Function]}
                        placeholder=" Enter Password"
                        type="password"
                      />
                      <span
                        className="input-group-text"
                        id="password"
                      >
                        <svg
                          color="#c2c0c0"
                          fill="none"
                          height="30px"
                          stroke="currentColor"
                          strokeWidth="0"
                          style={
                            Object {
                              "color": "#c2c0c0",
                            }
                          }
                          viewBox="0 0 24 24"
                          width="30px"
                          xmlns="http://www.w3.org/2000/svg"
                        >
                          <path
                            d="M4 4H8V8H4V4Z"
                            fill="currentColor"
                          />
                          <path
                            d="M4 10H8V14H4V10Z"
                            fill="currentColor"
                          />
                          <path
                            d="M8 16H4V20H8V16Z"
                            fill="currentColor"
                          />
                          <path
                            d="M10 4H14V8H10V4Z"
                            fill="currentColor"
                          />
                          <path
                            d="M14 10H10V14H14V10Z"
                            fill="currentColor"
                          />
                          <path
                            d="M10 16H14V20H10V16Z"
                            fill="currentColor"
                          />
                          <path
                            d="M20 4H16V8H20V4Z"
                            fill="currentColor"
                          />
                          <path
                            d="M16 10H20V14H16V10Z"
                            fill="currentColor"
                          />
                          <path
                            d="M20 16H16V20H20V16Z"
                            fill="currentColor"
                          />
                        </svg>
                      </span>
                    </div>
                  </div>
                </div>
              </div>
              <div
                className="d-grid gap-2 btn-group btn-group-lg"
                role="group"
              >
                <button
                  className="btn btn-primary btn-lg"
                  defaultValue="Pay Now"
                  disabled={false}
                  onClick={[Function]}
                  type="submit"
                >
                  Pay Now
                </button>
              </div>
            </form>
          </div>
          <div
            className="col-sm-5"
          >
            <div
              className="master_card"
            >
              <div
                className="card_header"
              >
                <div
                  className="card_chip"
                >
                  <img
                    alt="chip_img"
                    height="auto"
                    src="transparent-credit-card-chip.webp"
                    width="50px"
                  />
                </div>
                <div
                  className="card_signal"
                >
                  <img
                    alt="signal_img"
                    height="auto"
                    src="signal.avif"
                    width="50px"
                  />
                </div>
              </div>
              <div
                className="card_name"
              >
                Johathan Michael
              </div>
              <div
                className="card_number"
              >
                ⚫️⚫️⚫️⚫️ 3456
              </div>
              <div
                className="card_footer"
              >
                <div
                  className="card_expire"
                >
                  09/22
                </div>
                <div
                  className="card_logo"
                />
              </div>
            </div>
          </div>
        </div>
      </div>
    </div>
  </div>
</div>
`;

exports[`App Test to match snapshot of component 1`] = `
<div>
  <div
    className="App"
    title="App"
  >
    <div>
      <div
        className="container-fluid"
      >
        <div
          className="row"
        >
          <div
            className="col-sm-7"
          >
            <div
              className="heading_div"
            >
              <img
                alt="logo"
                src=""
              />
              <div
                className="timer"
              >
                01:19
              </div>
            </div>
            <form
              autoComplete="off"
              className=""
              onSubmit={[Function]}
            >
              <div
                className="mb-3"
              >
                <div
                  className="form-header"
                >
                  <div>
                    <div
                      className="form_desription form-label"
                    >
                      <div
                        className="form-title"
                      >
                        Card Number
                      </div>
                    </div>
                    <small
                      className="text-muted title_label_text form-text"
                    >
                      Enter the 16-digit card number on the card.
                    </small>
                  </div>
                  <div
                    className="form_edit_button"
                    onClick={[Function]}
                    role="button"
                  >
                    <span>
                      <svg
                        fill="currentColor"
                        height="1em"
                        stroke="currentColor"
                        strokeWidth="0"
                        style={
                          Object {
                            "color": undefined,
                          }
                        }
                        viewBox="0 0 24 24"
                        width="1em"
                        xmlns="http://www.w3.org/2000/svg"
                      >
                        <path
                          d="M0 0h24v24H0z"
                          fill="none"
                        />
                        <path
                          d="M3 17.25V21h3.75L17.81 9.94l-3.75-3.75L3 17.25zM20.71 7.04a.996.996 0 000-1.41l-2.34-2.34a.996.996 0 00-1.41 0l-1.83 1.83 3.75 3.75 1.83-1.83z"
                        />
                      </svg>
                    </span>
                     Edit
                  </div>
                </div>
                <div
                  className="input-group"
                >
                  <span
                    className="input-group-text"
                    id="cardNum"
                  >
                    <img
                      alt="iconsuffix"
                      src="https://www.freepnglogos.com/uploads/mastercard-png/mastercard-logo-mastercard-logo-png-vector-download-19.png"
                      width="30px"
                    />
                  </span>
                  <input
                    autoComplete="off"
                    autoCorrect="off"
                    autoFocus={false}
                    className="form-control"
                    disabled={true}
                    maxLength={25}
                    onChange={[Function]}
                    placeholder=" 2412 - 7512 - 3412 - 3456"
                    type="tel"
                  />
                  <span
                    className="input-group-text"
                    id="cardNum"
                  >
                    <img
                      alt="iconsuffix"
                      src="https://solamaragency.com/wp-content/uploads/2017/09/twitter-verification.png"
                      width="30px"
                    />
                  </span>
                </div>
              </div>
              <div
                className="mb-3"
              >
                <div
                  className="row"
                >
                  <div
                    className="col"
                  >
                    <div>
                      <div
                        className="form_desription form-label"
                      >
                        <div
                          className="form-title"
                        >
                          CVV Number
                        </div>
                      </div>
                      <small
                        className="text-muted title_label_text form-text"
                      >
                        Enter the 3 0r 4 digit number on the card.
                      </small>
                    </div>
                  </div>
                  <div
                    className="col"
                  >
                    <div
                      className="card_cvv input-group"
                    >
                      <input
                        aria-describedby="cvv"
                        autoComplete="off"
                        autoCorrect="off"
                        autoFocus={false}
                        className="card_cvv form-control"
                        disabled={true}
                        id="cvv"
                        maxLength={3}
                        onChange={[Function]}
                        placeholder=" 327 "
                        type="tel"
                      />
                      <span
                        className="input-group-text"
                        id="cvv"
                      >
                        <svg
                          color="#c2c0c0"
                          fill="none"
                          height="30px"
                          stroke="currentColor"
                          strokeWidth="0"
                          style={
                            Object {
                              "color": "#c2c0c0",
                            }
                          }
                          viewBox="0 0 24 24"
                          width="30px"
                          xmlns="http://www.w3.org/2000/svg"
                        >
                          <path
                            d="M4 4H8V8H4V4Z"
                            fill="currentColor"
                          />
                          <path
                            d="M4 10H8V14H4V10Z"
                            fill="currentColor"
                          />
                          <path
                            d="M8 16H4V20H8V16Z"
                            fill="currentColor"
                          />
                          <path
                            d="M10 4H14V8H10V4Z"
                            fill="currentColor"
                          />
                          <path
                            d="M14 10H10V14H14V10Z"
                            fill="currentColor"
                          />
                          <path
                            d="M10 16H14V20H10V16Z"
                            fill="currentColor"
                          />
                          <path
                            d="M20 4H16V8H20V4Z"
                            fill="currentColor"
                          />
                          <path
                            d="M16 10H20V14H16V10Z"
                            fill="currentColor"
                          />
                          <path
                            d="M20 16H16V20H20V16Z"
                            fill="currentColor"
                          />
                        </svg>
                      </span>
                    </div>
                  </div>
                </div>
              </div>
              <div
                className="mb-3"
              >
                <div
                  className="row"
                >
                  <div
                    className="col"
                  >
                    <div>
                      <div
                        className="form_desription form-label"
                      >
                        <div
                          className="form-title"
                        >
                          Expiry Date
                        </div>
                      </div>
                      <small
                        className="text-muted title_label_text form-text"
                      >
                        Enter the expiration date of the card
                      </small>
                    </div>
                  </div>
                  <div
                    className="expire_date_input_col col"
                  >
                    <div
                      className="input input-group"
                    >
                      <input
                        aria-describedby="expireDay"
                        autoComplete="off"
                        autoCorrect="off"
                        autoFocus={false}
                        className="input form-control"
                        disabled={true}
                        id="expireDay"
                        maxLength={2}
                        onChange={[Function]}
                        placeholder=" 09 "
                        type="tel"
                      />
                    </div>
                    /
                    <div
                      className="input input-group"
                    >
                      <input
                        aria-describedby="expireYear"
                        autoComplete="off"
                        autoCorrect="off"
                        autoFocus={false}
                        className="input form-control"
                        disabled={true}
                        id="expireYear"
                        maxLength={2}
                        onChange={[Function]}
                        placeholder=" 22 "
                        type="tel"
                      />
                    </div>
                  </div>
                </div>
              </div>
              <div
                className="mb-3"
              >
                <div
                  className="row"
                >
                  <div
                    className="col"
                  >
                    <div>
                      <div
                        className="form_desription form-label"
                      >
                        <div
                          className="form-title"
                        >
                          Password
                        </div>
                      </div>
                      <small
                        className="text-muted title_label_text form-text"
                      >
                        Enter your Dynamic password
                      </small>
                    </div>
                  </div>
                  <div
                    className="col"
                  >
                    <div
                      className="input-group"
                    >
                      <input
                        aria-describedby="password"
                        autoComplete="off"
                        autoCorrect="off"
                        autoFocus={false}
                        className="form-control"
                        disabled={true}
                        id="password"
                        onChange={[Function]}
                        placeholder=" Enter Password"
                        type="password"
                      />
                      <span
                        className="input-group-text"
                        id="password"
                      >
                        <svg
                          color="#c2c0c0"
                          fill="none"
                          height="30px"
                          stroke="currentColor"
                          strokeWidth="0"
                          style={
                            Object {
                              "color": "#c2c0c0",
                            }
                          }
                          viewBox="0 0 24 24"
                          width="30px"
                          xmlns="http://www.w3.org/2000/svg"
                        >
                          <path
                            d="M4 4H8V8H4V4Z"
                            fill="currentColor"
                          />
                          <path
                            d="M4 10H8V14H4V10Z"
                            fill="currentColor"
                          />
                          <path
                            d="M8 16H4V20H8V16Z"
                            fill="currentColor"
                          />
                          <path
                            d="M10 4H14V8H10V4Z"
                            fill="currentColor"
                          />
                          <path
                            d="M14 10H10V14H14V10Z"
                            fill="currentColor"
                          />
                          <path
                            d="M10 16H14V20H10V16Z"
                            fill="currentColor"
                          />
                          <path
                            d="M20 4H16V8H20V4Z"
                            fill="currentColor"
                          />
                          <path
                            d="M16 10H20V14H16V10Z"
                            fill="currentColor"
                          />
                          <path
                            d="M20 16H16V20H20V16Z"
                            fill="currentColor"
                          />
                        </svg>
                      </span>
                    </div>
                  </div>
                </div>
              </div>
              <div
                className="d-grid gap-2 btn-group btn-group-lg"
                role="group"
              >
                <button
                  className="btn btn-primary btn-lg"
                  defaultValue="Pay Now"
                  disabled={false}
                  onClick={[Function]}
                  type="submit"
                >
                  Pay Now
                </button>
              </div>
            </form>
          </div>
          <div
            className="col-sm-5"
          >
            <div
              className="master_card"
            >
              <div
                className="card_header"
              >
                <div
                  className="card_chip"
                >
                  <img
                    alt="chip_img"
                    height="auto"
                    src="transparent-credit-card-chip.webp"
                    width="50px"
                  />
                </div>
                <div
                  className="card_signal"
                >
                  <img
                    alt="signal_img"
                    height="auto"
                    src="signal.avif"
                    width="50px"
                  />
                </div>
              </div>
              <div
                className="card_name"
              >
                Johathan Michael
              </div>
              <div
                className="card_number"
              >
                ⚫️⚫️⚫️⚫️ 3456
              </div>
              <div
                className="card_footer"
              >
                <div
                  className="card_expire"
                >
                  09/22
                </div>
                <div
                  className="card_logo"
                />
              </div>
            </div>
          </div>
        </div>
      </div>
    </div>
  </div>
</div>
`;

exports[`App renders learn react link 1`] = `
<div>
  <div
    className="App"
    title="App"
  >
    <div>
      <div
        className="container-fluid"
      >
        <div
          className="row"
        >
          <div
            className="col-sm-7"
          >
            <div
              className="heading_div"
            >
              <img
                alt="logo"
                src=""
              />
              <div
                className="timer"
              >
                01:19
              </div>
            </div>
            <form
              autoComplete="off"
              className=""
              onSubmit={[Function]}
            >
              <div
                className="mb-3"
              >
                <div
                  className="form-header"
                >
                  <div>
                    <div
                      className="form_desription form-label"
                    >
                      <div
                        className="form-title"
                      >
                        Card Number
                      </div>
                    </div>
                    <small
                      className="text-muted title_label_text form-text"
                    >
                      Enter the 16-digit card number on the card.
                    </small>
                  </div>
                  <div
                    className="form_edit_button"
                    onClick={[Function]}
                    role="button"
                  >
                    <span>
                      <svg
                        fill="currentColor"
                        height="1em"
                        stroke="currentColor"
                        strokeWidth="0"
                        style={
                          Object {
                            "color": undefined,
                          }
                        }
                        viewBox="0 0 24 24"
                        width="1em"
                        xmlns="http://www.w3.org/2000/svg"
                      >
                        <path
                          d="M0 0h24v24H0z"
                          fill="none"
                        />
                        <path
                          d="M3 17.25V21h3.75L17.81 9.94l-3.75-3.75L3 17.25zM20.71 7.04a.996.996 0 000-1.41l-2.34-2.34a.996.996 0 00-1.41 0l-1.83 1.83 3.75 3.75 1.83-1.83z"
                        />
                      </svg>
                    </span>
                     Edit
                  </div>
                </div>
                <div
                  className="input-group"
                >
                  <span
                    className="input-group-text"
                    id="cardNum"
                  >
                    <img
                      alt="iconsuffix"
                      src="https://www.freepnglogos.com/uploads/mastercard-png/mastercard-logo-mastercard-logo-png-vector-download-19.png"
                      width="30px"
                    />
                  </span>
                  <input
                    autoComplete="off"
                    autoCorrect="off"
                    autoFocus={false}
                    className="form-control"
                    disabled={true}
                    maxLength={25}
                    onChange={[Function]}
                    placeholder=" 2412 - 7512 - 3412 - 3456"
                    type="tel"
                  />
                  <span
                    className="input-group-text"
                    id="cardNum"
                  >
                    <img
                      alt="iconsuffix"
                      src="https://solamaragency.com/wp-content/uploads/2017/09/twitter-verification.png"
                      width="30px"
                    />
                  </span>
                </div>
              </div>
              <div
                className="mb-3"
              >
                <div
                  className="row"
                >
                  <div
                    className="col"
                  >
                    <div>
                      <div
                        className="form_desription form-label"
                      >
                        <div
                          className="form-title"
                        >
                          CVV Number
                        </div>
                      </div>
                      <small
                        className="text-muted title_label_text form-text"
                      >
                        Enter the 3 0r 4 digit number on the card.
                      </small>
                    </div>
                  </div>
                  <div
                    className="col"
                  >
                    <div
                      className="card_cvv input-group"
                    >
                      <input
                        aria-describedby="cvv"
                        autoComplete="off"
                        autoCorrect="off"
                        autoFocus={false}
                        className="card_cvv form-control"
                        disabled={true}
                        id="cvv"
                        maxLength={3}
                        onChange={[Function]}
                        placeholder=" 327 "
                        type="tel"
                      />
                      <span
                        className="input-group-text"
                        id="cvv"
                      >
                        <svg
                          color="#c2c0c0"
                          fill="none"
                          height="30px"
                          stroke="currentColor"
                          strokeWidth="0"
                          style={
                            Object {
                              "color": "#c2c0c0",
                            }
                          }
                          viewBox="0 0 24 24"
                          width="30px"
                          xmlns="http://www.w3.org/2000/svg"
                        >
                          <path
                            d="M4 4H8V8H4V4Z"
                            fill="currentColor"
                          />
                          <path
                            d="M4 10H8V14H4V10Z"
                            fill="currentColor"
                          />
                          <path
                            d="M8 16H4V20H8V16Z"
                            fill="currentColor"
                          />
                          <path
                            d="M10 4H14V8H10V4Z"
                            fill="currentColor"
                          />
                          <path
                            d="M14 10H10V14H14V10Z"
                            fill="currentColor"
                          />
                          <path
                            d="M10 16H14V20H10V16Z"
                            fill="currentColor"
                          />
                          <path
                            d="M20 4H16V8H20V4Z"
                            fill="currentColor"
                          />
                          <path
                            d="M16 10H20V14H16V10Z"
                            fill="currentColor"
                          />
                          <path
                            d="M20 16H16V20H20V16Z"
                            fill="currentColor"
                          />
                        </svg>
                      </span>
                    </div>
                  </div>
                </div>
              </div>
              <div
                className="mb-3"
              >
                <div
                  className="row"
                >
                  <div
                    className="col"
                  >
                    <div>
                      <div
                        className="form_desription form-label"
                      >
                        <div
                          className="form-title"
                        >
                          Expiry Date
                        </div>
                      </div>
                      <small
                        className="text-muted title_label_text form-text"
                      >
                        Enter the expiration date of the card
                      </small>
                    </div>
                  </div>
                  <div
                    className="expire_date_input_col col"
                  >
                    <div
                      className="input input-group"
                    >
                      <input
                        aria-describedby="expireDay"
                        autoComplete="off"
                        autoCorrect="off"
                        autoFocus={false}
                        className="input form-control"
                        disabled={true}
                        id="expireDay"
                        maxLength={2}
                        onChange={[Function]}
                        placeholder=" 09 "
                        type="tel"
                      />
                    </div>
                    /
                    <div
                      className="input input-group"
                    >
                      <input
                        aria-describedby="expireYear"
                        autoComplete="off"
                        autoCorrect="off"
                        autoFocus={false}
                        className="input form-control"
                        disabled={true}
                        id="expireYear"
                        maxLength={2}
                        onChange={[Function]}
                        placeholder=" 22 "
                        type="tel"
                      />
                    </div>
                  </div>
                </div>
              </div>
              <div
                className="mb-3"
              >
                <div
                  className="row"
                >
                  <div
                    className="col"
                  >
                    <div>
                      <div
                        className="form_desription form-label"
                      >
                        <div
                          className="form-title"
                        >
                          Password
                        </div>
                      </div>
                      <small
                        className="text-muted title_label_text form-text"
                      >
                        Enter your Dynamic password
                      </small>
                    </div>
                  </div>
                  <div
                    className="col"
                  >
                    <div
                      className="input-group"
                    >
                      <input
                        aria-describedby="password"
                        autoComplete="off"
                        autoCorrect="off"
                        autoFocus={false}
                        className="form-control"
                        disabled={true}
                        id="password"
                        onChange={[Function]}
                        placeholder=" Enter Password"
                        type="password"
                      />
                      <span
                        className="input-group-text"
                        id="password"
                      >
                        <svg
                          color="#c2c0c0"
                          fill="none"
                          height="30px"
                          stroke="currentColor"
                          strokeWidth="0"
                          style={
                            Object {
                              "color": "#c2c0c0",
                            }
                          }
                          viewBox="0 0 24 24"
                          width="30px"
                          xmlns="http://www.w3.org/2000/svg"
                        >
                          <path
                            d="M4 4H8V8H4V4Z"
                            fill="currentColor"
                          />
                          <path
                            d="M4 10H8V14H4V10Z"
                            fill="currentColor"
                          />
                          <path
                            d="M8 16H4V20H8V16Z"
                            fill="currentColor"
                          />
                          <path
                            d="M10 4H14V8H10V4Z"
                            fill="currentColor"
                          />
                          <path
                            d="M14 10H10V14H14V10Z"
                            fill="currentColor"
                          />
                          <path
                            d="M10 16H14V20H10V16Z"
                            fill="currentColor"
                          />
                          <path
                            d="M20 4H16V8H20V4Z"
                            fill="currentColor"
                          />
                          <path
                            d="M16 10H20V14H16V10Z"
                            fill="currentColor"
                          />
                          <path
                            d="M20 16H16V20H20V16Z"
                            fill="currentColor"
                          />
                        </svg>
                      </span>
                    </div>
                  </div>
                </div>
              </div>
              <div
                className="d-grid gap-2 btn-group btn-group-lg"
                role="group"
              >
                <button
                  className="btn btn-primary btn-lg"
                  defaultValue="Pay Now"
                  disabled={false}
                  onClick={[Function]}
                  type="submit"
                >
                  Pay Now
                </button>
              </div>
            </form>
          </div>
          <div
            className="col-sm-5"
          >
            <div
              className="master_card"
            >
              <div
                className="card_header"
              >
                <div
                  className="card_chip"
                >
                  <img
                    alt="chip_img"
                    height="auto"
                    src="transparent-credit-card-chip.webp"
                    width="50px"
                  />
                </div>
                <div
                  className="card_signal"
                >
                  <img
                    alt="signal_img"
                    height="auto"
                    src="signal.avif"
                    width="50px"
                  />
                </div>
              </div>
              <div
                className="card_name"
              >
                Johathan Michael
              </div>
              <div
                className="card_number"
              >
                ⚫️⚫️⚫️⚫️ 3456
              </div>
              <div
                className="card_footer"
              >
                <div
                  className="card_expire"
                >
                  09/22
                </div>
                <div
                  className="card_logo"
                />
              </div>
            </div>
          </div>
        </div>
      </div>
    </div>
  </div>
</div>
`;
